2026-09-25T20:54:28+02:00 storm A,B started conc=8
2026-09-25T20:55:15+02:00 HALT A,B (found 25 tx/block storage-mass cap with 1-in-2-out 0.5 TKAS)
2026-09-25T20:56:07+02:00 storm v3 A,B,C,D started (800 wallets), conc=2 per process
2026-09-25T20:56:18+02:00 conc_per_process=2 (x4 processes)
2026-09-25T20:59:05+02:00 switch: 0.5-TKAS lane = storm3 A,B (wallets 0-399, conc 2/proc); TPS lane = tps.mjs C1,C2,D1,D2 (wallets 400-799, 1-in-1-out, FEE_MULT 1.5, conc 16/proc). n1 mempool at ~100k = full (rejects: 'full with transactions with higher priority')
2026-09-25T21:00:55+02:00 HALT storm3 A,B to measure n1 backlog drain (n1 mempool ~100k = ram-scale 0.1 cap; RPC-submitted txs are Priority::High and never evicted)
2026-09-25T21:00:55+02:00 tps lane restarted from API-recovered UTXOs, PREF=n0 COOL=3s FEE_MULT=1.5 conc 16
2026-09-25T21:02:19+02:00 tps lane v2: 8 procs T0-T7 (50 wallets each) + desk coinbase UTXOs 31201..271201 (30k/proc) as independent 1-in-1-out inputs, conc 24/proc, PREF=n0
2026-09-25T21:03:39+02:00 tps conc 48/proc (8 procs)
2026-09-25T21:04:46+02:00 tps lane v3: 8 procs from 206,768 lane UTXOs (desk-fed), PREF=any AFFINITY=0 (both n0+n1 wRPC), conc 32/proc
2026-09-25T21:06:43+02:00 tps lane v4: P2SH(OP_TRUE) mode (spend mass 571 vs 1624), 8 procs conc 32, both nodes
2026-09-25T21:09:34+02:00 tps conc 64/proc (P2SH mode)
2026-09-25T21:10:50+02:00 HALT tps; restart n0 with --async-threads=4 (RPC ingest bottleneck: n0/n1 run --async-threads=1)
2026-09-25T21:11:06+02:00 restart n1 with --async-threads=4 (n1 mempool before: 58035)
2026-09-25T21:12:29+02:00 tps restarted (P2SH, conc 64, both nodes async-threads=4)
2026-09-25T21:13:26+02:00 miners stopped per user (keepalive HALT + killed 1 bin-x4 miners; knsbot miner untouched). Explorer showed >3000 TPS at ~21:10 CEST.
2026-09-25T21:14:00+02:00 keepalive restarted as scripts/keepalive-storm-2.sh (PER_NODE=1 TARGET=2, bin-x4, -t 1, nice 19) per user correction
2026-09-25T21:15:05+02:00 n0 CRASHED 21:12:50 (mempool assert panic validate_and_insert_transaction.rs:123, 100001>100000); restarted manually pid 3992791 async-threads=4
2026-09-25T21:27:09+02:00 12h supervisor (re)started pid 4051115: per-node gate 85k/70k, backlog target 50-70k, drain-estimating rate control, worker auto-reconnect
2026-09-25T21:32:51+02:00 USER APPROVED n1 wipe: HALT storm, stop n1, rm /tmp/kaspa-data-tn10-n1, run 12h n0-only
2026-09-25T21:33:18+02:00 n1 (pid 3979420) stopped by SIGINT in ~4s; /tmp/kaspa-data-tn10-n1 removed; free disk now 54G
2026-09-25T21:34:42+0200 12h storm restarted n0-only (STORM_NODES=n0), 2 miners on n0 (keepalive-storm-2.sh PER_NODE=2 NODES=(0)). Disk projection: 54G free, floor 8.4G, ~320 B/tx on one node -> 12h budget cap ~3540 TPS; 3000 TPS x 12h = ~38.6 GB. KNS bot miner pid 2648340/3983245 was on n1:16220 and lost its node (not touched).
2026-09-25T21:36:02+02:00 scratch freed: /tmp/kminer-build, /tmp/*desk-utxos*.json, /tmp/kaspa-data-tn10-n2 (n2 not running)
2026-09-25T21:36:33+02:00 FULL THROTTLE per user: supervisor pid 4099471, n0 only, RMAX 30000 tx/s, mempool taper 60k->80k + gate 85k/70k, disk taper 9.5->8.4G, no 12h rationing
2026-09-25T21:45:18+0200 PHASE1-START full-throttle overload 30min (limits file absent => RMAX=30000, FULL=1 taper 45k-68k, gate 78k/55k); probes overload-probe.mjs tiers 1,2,5,10,100,1000x min feerate every 30s
2026-09-25T21:46:47+0200 PHASE1-RESTART probes re-seeded from public API (old state UTXOs were spent); 30min P1 window counts from here
2026-09-25T21:47:09+0200 PHASE1-START(clean) single probe pid 4142122 ; P1 30min window starts now
2026-09-25T21:48:41+0200 PHASE1-START(final) probe pid 4146646 tiers 1,1.2,2,5,10,100 x MINRATE 100 sompi/g (storm pays 1.2x=120). P1 30min window starts now
2026-09-25T22:11:32+0200 NOTE plan: P1 overload extended to 23:00; budget ok (~666k TKAS in pools, ~13 TKAS/min burn)
2026-09-25T22:16:25+0200 SCALEUP-1 /tmp/tps-storm.limits='40000 60000 72000 60000' (RATE_MAX 30000->60000; format LOW HIGH PANIC RATE_MAX; FULL taper 45k-68k + gate 78k/55k unchanged). before: net_tps 6.1-7.7k, block compute mass ~491k/500k (98%), mempool 66k, fees 9143 TKAS cum
2026-09-25T22:19:50+0200 MARK P1 first 30min done (21:48:41-22:18:41): net 6289 TPS avg, mp max 99967, fee 2402 TKAS/10min; interim written findings/overload-interim-2215.md
2026-09-25T22:31:05+0200 ADDRESSES before=4800 (4000 P2SH tag wallets P0-P7 + 400 storm keys H + 400 storm keys probes) after=4800 (unchanged): P workers 0 orphan retries, ~0.01% rejects (mempool-full only), ~24.8k ready UTXOs each; included TPS limited by block mass (~98% full), not by addresses/UTXO chaining
2026-09-25T22:42:18+0200 SAFETY limits RATE_MAX 60000->8000 (mempool hit 99.66k at 22:41; bursts overshoot the 3s taper). 23:00 break CANCELLED (killed break-2300.sh pid 78068) per user 22:41 plan
2026-09-25T22:46:11+0200 HALT fleet for GROKBUILD-FUND-2 + FEE-2X + guard patch (supervisor pid 4100181; fees cum 16119.36 TKAS)
2026-09-25T22:46:46+0200 PHASE3-DRAIN (fleet halted 22:46:14; probes running) - drain measured while funding
2026-09-25T22:47:16+0200 GROKBUILD-FUND-2 sent 299,993.01 TKAS to kaspatest:qzzkwgjh...wtgzv in 1184 txs (148 per P0-P7, 84 P2SH inputs -> 1 output each, ~415-451 TKAS per output), fee 20.92 TKAS, 0 fails, all 1184 left mempool by 22:47. txids: logs/storm/grokbuild-fund-2.jsonl. Only RECEIVED into that wallet, never spent from it.
2026-09-25T22:47:26+0200 PHASE4-MAX-START + FEE-2X + SAFETY-GUARDS: supervisor restarted pid 185380 (FEE_MULT_P=2.0 -> P workers and H at 200 sompi/g, was 1.2=120), limits='40000 60000 90000 9000' (LOW HIGH PANIC=90k hard brake RATE_MAX=9000), limits2='40000 60000 70000 50000' (taper 40k-60k, gate 70k/50k). nettps.sh restarted pid 185482. drain after 22:46:14 halt: 49.6k->2.7k in <10s, 0 by 22:46:29
2026-09-25T22:48:33+0200 RECOVERY-1 CANCELLED by user before it took effect (pause duration 0 s; RATE_MAX never set to 0). Recovery measurement deferred until storm funds run out.
2026-09-25T22:48:55+0200 RATE_MAX 9000->20000 (limits '40000 60000 90000 20000'); pre: net 7.7-10k TPS, blocks 99% compute-full, mp 38-53k, all 9 workers FEE_MULT=2.0
2026-09-25T22:51:13+0200 PLAN-UNTIL-EMPTY funds: ~356k TKAS spendable in storm pools (P0-P7+H after 300k GROKBUILD-FUND-2; probe wallets ~55k separate). FEE-2X burn: before 2.0-2.4k TKAS/10min (120 sompi/g, ~6.3k TPS) -> after 4.9k TKAS/10min (200 sompi/g, ~8.4k TPS) = ~29.5k TKAS/h -> funds last ~12h (~11:00 CEST 26 Sep). disk: measured 7.9 GB/h (21:44-22:44 at ~6k TPS), ~11 GB/h expected at 8.4k TPS; 46 GB free - 8 GB floor = 38 GB -> DISK RUNS OUT FIRST at ~3.5-4.8h (~02:15-03:30 CEST 26 Sep), supervisor disk taper 9.5->8.4 GB then pauses (unless TN10 pruning frees space). n0 appdir 52.4 GB.
2026-09-25T22:52:02+0200 SUMMARY interim findings/overload-30m-summary.md (+copy overload-10m-summary.md) for overload 21:48:41-22:46:14 (57.5 min)
2026-09-25T23:49:32+0200 RESTART-UTXOINDEX START recovery-watch 202264 killed (no auto recovery); RATE_MAX=0; mempool=42005; disk   38G; n0 appdir 62G
2026-09-25T23:51:44+0200 USER: target ~1k TPS; limits RATE_MAX=1000 (parent)
2026-09-25T23:51:49+0200 parent: reverted to RATE_MAX=0 (restart in progress); worker sets 1000 after n0 restart
2026-09-25T23:52:39+0200 n0 SIGINT for --utxoindex restart (storm halted 23:52:21 mempool 0; miners stopped 23:53; disk free 40.02G; appdir 66.08G)
2026-09-26T00:05:09+0200 DISK utxoindex resync at 10.7G, free 12.5G -> deleted /workspace/cargo-target (rc debug build) + cargo-target-master/debug/incremental
2026-09-26T00:11:17+0200 UTXOINDEX-WATCH n0 RPC up, watchdog exit (free 11G)
2026-09-26T00:11:34+0200 UTXOINDEX built: resync 23:52:41.9 -> 00:11:16.9 = 1115 s (18m35s), node offline (no RPC/P2P) the whole time; utxoindex dir 13.8G right after (pre-compaction); n0 now catching up (IBD from pruning point, ~19 min behind)
2026-09-26T00:13:40+0200 removed /tmp/tn10-break.STOP (monitor.py tripped n0_tip_age 375s at 00:11:44 during post-resync catch-up; n0 at tip since 00:11:52)
2026-09-26T00:14:28+0200 BURST-SCHEDULER start pid 477659 base=1000 max=60000 windows :10-:15 :40-:45
2026-09-26T00:14:28+0200 BURST START RATE_MAX=60000 mempool=186
2026-09-26T00:15:00+0200 BURST END RATE_MAX=1000 mempool=62845 burst_mp_max=83975
2026-09-26T00:15:12+0200 BURST DRAIN mempool 62845 -> 869 in 12.0 s (target 5000)
2026-09-26T00:15:24+0200 BURST-SCHEDULER stop (STOP file)
2026-09-26T00:15:24+0200 BURST-SCHEDULER DISABLED per user 00:14 (full throttle continuous). Only burst run: 00:14:28-00:15:00 (32 s, clipped) mp max 83,975, drain 62,845 -> 869 in 12.0 s after RATE_MAX 60000->1000. recovery-watch 477658 killed before supervisor HALT (would have fired on 'stopped').
2026-09-26T00:15:37+0200 FEE-10X supervisor HALT (workers exited in ~2 s with the token() fix) -> restarted pid 482030 FEE_MULT_P=10.0 (P tag fee 643000 sompi/tx = ~1000 sompi/g), limits '40000 60000 90000 60000', limits2 '40000 60000 70000 50000'; recovery-watch restarted pid 485802 (patched: ignores low offered during burst/mempool>40k)
2026-09-26T00:18:00+0200 FEE-10X before/after: BEFORE 1k baseline @2x: ~1,030 tx/s ours (P 1000 + H ~34), mempool <500; 2x burst (00:14:28-00:15:00): ~5.9k tx/s accepted, ~600 TKAS/min. AFTER 10x full throttle (00:16:00-00:17:24): accepted avg 6.0k tx/s (peaks 7.6k), network 4.6k-12.2k TPS (10s buckets), ~2,100 TKAS/min burn (vs ~490 TKAS/min at 2x full throttle 22:51), mempool max 67.4k.
2026-09-26T00:18:00+0200 RUNWAY @10x full throttle: funds 323.6k TKAS in P0-P7+H state (169.8k UTXOs) / 2.1-2.9k TKAS/min -> 110-150 min -> funds out ~02:10-02:45 CEST. DISK: 21 GB free (after deleting 9.4 GB debug build), ~9 GB transient for vprogs/ttt release builds (returned after), storm ~12-14 GB/h at 6-10k TPS incl. utxoindex -> supervisor disk taper 9.5->8.4 GB and pause at 8 GB around ~00:55-01:15 CEST -> DISK RUNS OUT FIRST; recovery-watch then fires RECOVERY-1 (RATE_MAX=0 + 15-min sampler).
2026-09-26T00:38:30+0200 FINDING storm-silent 00:32-00:38: monitor.py tripped mem guard (MemAvailable 753 MB < 1000 at 00:32:25, caused by 2 parallel release cargo builds + 10x full storm) and wrote /tmp/tn10-break.STOP. The STOP file is sticky (never auto-cleared) and rwstorm workers exit instantly while it exists; supervisor keeps respawning them and keeps logging the LAST accepted_tps (~2.3k) -> stale/bogus TPS in supervisor.jsonl for 00:32-00:38 (real: 0, n0 mempool 0, cpu ~10%). Same trap as 23:5x (tip-age). Guard worked as designed; the reporting is the bug. STOP file archived to logs/storm/tn10-break.STOP.0032.json.
2026-09-26T00:38:30+0200 USER 00:37 'vprogs full gusto NOW': storm -> 1k TPS background (limits '40000 60000 90000 1000', fee stays 10x), vprogs runners get priority on CPU/disk/RAM. If disk tight -> pause storm, never vprogs.
2026-09-26T00:39:00+0200 RESTART-UTXOINDEX END (backfilled): n0 SIGINT 23:52:39 (clean exit 1.5 s) -> pid 424709 +--utxoindex; utxoindex resync 23:52:41.9-00:11:16.9 = 1115 s, RPC+P2P down, no progress output; catch-up 35 s, tip 00:11:52; node downtime 1153 s; storm downtime 23:52:21-00:13:00; mempool lost 0 (drained first); disk 40G->~11G free during resync (utxoindex ~13.8G pre-compaction). Storm back @1k 00:13.
2026-09-26T00:39:00+0200 storm back at 1k bg, accepted 999 tx/s, mempool ~100-900
2026-09-26T00:48:21+02:00 ROUND3 vprogs full gusto: ttd lane 130597584 (exec, fresh, pid 640059), ttflow Init OK 00:43:21; ttloop-b 4 workers (keys16-19) + ttloop-c 8 workers (keys20-27, funded 20x5 TKAS from W5); gd-r1 release runner 16 issuers GD_FEE=priority ramp 20->40->80/s
2026-09-26T00:54:35+02:00 ROUND3 CONTENTION test: storm -> full throttle (RATE_MAX 60000, 10x fee) for ~8 min with gd-r1 (target 160/s, priority fee) + 12 ttloop workers running. Before (storm 1k bg): gd ~130-138 moves/s issued (CPU-bound, 8 cores load ~24), exec lat p50 2.4-3.2 s p90 3.2-4.0 s, 0 fails; ttloop b+c 306 games finished, 68 GAME_FAIL (UTXO reuse 'already spent'), 0 timeouts.
2026-09-26T00:58:46+02:00 ROUND3 CONTENTION results part1 (storm full 00:54:35-00:58:50, ~5.5k tx/s accepted ours, mempool 54-62k, fee est prio 4492 / normal 532 sompi/g): (a) ttloop: 0 games finished after 00:54:40; every step rejected 'already spent ... in the mempool' (ttflow Wallet fee = normal bucket 532 < storm 1000 sompi/g, previous step tx stays in mempool, next step reuses the same UTXO). (b) gd-r1 GD_FEE=priority kept going until issuers went broke: 56,145 moves in 11.5 min; priority fee jumped to ~4.5k sompi/g under the storm, 16 issuers drained from 60 to ~3-4 TKAS each -> fail_nofund from 00:55:40. (c) refunding issuers from W3 (Wallet normal fee) also stuck behind the storm. -> storm back to 1k bg 00:58:50 to refund, then contention part2 with GD_FEE=x2.
2026-09-26T01:01:26+02:00 ROUND3 CONTENTION part2: gd-r2 GD_FEE=x2 (2x normal bucket) 16 issuers target 80/s started 01:00:40 at 1k bg; storm -> FULL now; ttloop b/c still running
2026-09-26T01:10:00+0200 ROUND3 CONTENTION part2 done 01:06:52 (storm back to 1k). RESULTS own vprog (grok-deskfloor on vprogs master f9b84a8, release runner, 16 issuers, exec-only dev covenant):
  gd-r1 GD_FEE=priority, storm 1k bg: ramp 20->40->80->160 target; saturates at ~130-138 moves/s issued (CPU-bound: runner ~390%, ttd ~240%, 8 cores load ~24); submit->executed p50 3.1 s p90 4.1 s p99 5.6 s max 8.3 s; 56,145 submitted, 53,271 executed; bad(impossible debit) 0/2,778 executed (correct); 0 build/submit fails. Under FULL storm (00:54:35+) kept 100-130/s for ~50 s, then issuers went broke: priority bucket jumped to ~4.5k sompi/g (4.5x storm fee) and burned ~900 TKAS in 11.5 min.
  gd-r2 GD_FEE=x2 (~1.1k sompi/g, just above storm 1k): under FULL storm only 22-34 moves/s of 80 target (fail_nofund 5,953: UTXOs stuck in flight), exec latency p50 9.5 s p90 18.6 s p99 23 s (whole run incl. 1 min at 1k).
  earlier t2 (debug, normal fee 573 < storm 1000): p50 83 s p90 101 s, 4,871 nofund.
  tic-tac-toe (ttd exec lane 130597584 on n0, ttloop 12 workers, ttflow Wallet normal fee, 2 s step delay): storm 1k: 419 games finished (game p50 14.1 s p90 16.1 s, finish wait 0-2 s after last step), 251 GAME_FAIL (UTXO reuse 'already spent'); storm FULL: 5 finished, 1,322 failed (every step starves at 532 sompi/g < storm 1000, next step reuses the same UTXO). 0 timeouts (every game that got its txs in finished).
2026-09-26T01:10:00+0200 ROUND3 continuous: gd-r3 GD_FEE=x2 60/s (pid 815095) + ttloop b/c (to ~01:35/01:37), storm 1k bg 10x fee.
2026-09-26T01:12:10+02:00 ROUND3 ttloop-c all 8 workers panicked 01:07 (vprogs_l1_wallet carrier.rs:62 'funding UTXO amount 98955500 too small for extra outputs 100000000', fragmented UTXOs) -> ttloop-d restarted 01:11 (pid 828085, deposit 0.4, stake 0.2), games finishing. Repo https://github.com/STP-KAS/grok-bot-vprogs-round3 (PRIVATE) pushed, linked from grok-bot-vprogs@tn10-break-report and round2.
2026-09-26T06:31:09+0200 RECOVERY-1 START auto (offered<100 60s (funds out?)); RATE_MAX=0; mempool=7; sampler 5s -> logs/recovery/recovery-1.jsonl (max 15 min)
2026-09-26T06:31:10+0200 RECOVERY-1 END sampler finished; storm left at RATE_MAX=0 (see HANDOFF)
2026-09-26T06:39:09+0200 DISK-CLEANUP free  8665MB -> 11701MB: deleted rocksdb LOG.old* in n0 datadir (~437MB), truncated consensus+utxoindex rocksdb info LOG (~250MB, open files), ~/.cargo/registry/src (1.5G, regenerable), /workspace/cargo-target-guest{,-ttt} (0.8G), gd-data-t1/t2 (16MB), /tmp/kaspa-logs-tn10-n1 (n1 dead). Root cause: n0 consensus 75G + utxoindex 13G = 88G; TN10 pruning window ~42h holds all storm blocks, nothing prunes before tomorrow.
2026-09-26T06:40:56+0200 ROUND4 start. Storm-off cause: supervisor disk taper (9.5->8.4G free) wound RATE from 1000 (05:25) to 0 (06:30); recovery-watch then fired RECOVERY-1 at 06:31:09 with mempool=7 -> nothing to recover, recovery-1.jsonl empty/not written. Disk 8.5G free. HALT supervisor 482030 for patch (stale-TPS fix: ignore worker lines >25s old; STOP-FILE-PRESENT event; live disk guard /tmp/tps-storm.diskguard) + pool->W3 funding.
2026-09-26T06:43:44+0200 R4 FULL-GUSTO START: RATE_MAX=60000 (10x fee 1000 sompi/g, taper 40-60k, gate 70k/50k, brake 90k), disk guard 10.0G (supervisor + r4-guard), gd-r4 60/s @2000 sompi/g fixed, ttloop-e/f 8 workers unpatched fee. free disk 11682M mem 6629MB. Baseline (storm 0) 06:42:40-06:46.
2026-09-26T06:43:49+0200 correction: baseline window was 06:42:40-06:43:44 (~1 min), full gusto from 06:43:44.
